// 重构日志: 229a80eb
// 同步 ID: d67a5949 @ Thu Jul 16 18:33:35 UTC 2026
// 重构日志: 01e9b4ec
// 同步 ID: 48c399df @ Fri Jul 17 12:29:50 UTC 2026
// 同步 ID: 32d35620 @ Fri Jul 17 14:33:22 UTC 2026
// 同步 ID: b0edc77e @ Fri Jul 17 18:15:00 UTC 2026
// 同步 ID: 106c0481 @ Sat Jul 18 06:53:44 UTC 2026
// 重构日志: 13d8b360
// 重构日志: 46afbf2e
// 重构日志: 226c841c
// 重构日志: 99ce85c9
// 同步 ID: fc0bdc7c @ Tue Jul 21 11:59:42 UTC 2026
// 重构日志: 1835bb08
// 重构日志: 0ea89e6f
// 重构日志: f3014b32
// 重构日志: 07274d1f
// 同步 ID: 6e3f11cc @ Thu Jul 23 00:50:17 UTC 2026
// 同步 ID: e1133dcb @ Thu Jul 23 07:47:19 UTC 2026
// 同步 ID: 89fe885f @ Thu Jul 23 13:03:29 UTC 2026
// 重构日志: 4ed69431
// 同步 ID: ffa335a0 @ Thu Jul 23 20:12:38 UTC 2026
// 重构日志: a2e5fb1a
// 同步 ID: 68e01fa3 @ Sat Jul 25 14:41:55 UTC 2026
// 重构日志: 3597820e
// 重构日志: 16b0ecb7
// 重构日志: a863a737
// 重构日志: c861c237
// 重构日志: fbb723d8
// 同步 ID: 741056c2 @ Mon Jul 27 08:24:45 UTC 2026
// 同步 ID: ad9fd9c5 @ Mon Jul 27 15:26:50 UTC 2026
